[32m2026-06-03 12:58:40 +0200[0m - dagster - [34mDEBUG[0m - __ASSET_JOB - e8a26e06-938c-4872-b955-4efa3a287567 - 12128 - LOGS_CAPTURED - Started capturing logs in process (pid: 12128).
[32m2026-06-03 12:58:40 +0200[0m - dagster - [34mDEBUG[0m - __ASSET_JOB - e8a26e06-938c-4872-b955-4efa3a287567 - 12128 - add_GlobalSupply_history - STEP_START - Started execution of step "add_GlobalSupply_history".
[32m2026-06-03 12:58:40 +0200[0m - dagster - [34mERROR[0m - [31m__ASSET_JOB - e8a26e06-938c-4872-b955-4efa3a287567 - 12128 - add_GlobalSupply_history - STEP_FAILURE - Execution of step "add_GlobalSupply_history" failed.

dagster._core.errors.DagsterExecutionStepExecutionError: Error occurred while executing op "add_GlobalSupply_history"::

KeyError: '2026-05-30'

Stack Trace:
  File "C:\Users\victo\Documents\GitHub\GlobalSupply\.venv\Lib\site-packages\dagster\_core\execution\plan\utils.py", line 57, in op_execution_error_boundary
    yield
  File "C:\Users\victo\Documents\GitHub\GlobalSupply\.venv\Lib\site-packages\dagster\_utils\__init__.py", line 394, in iterate_with_context
    next_output = next(iterator)
                  ^^^^^^^^^^^^^^
  File "C:\Users\victo\Documents\GitHub\GlobalSupply\.venv\Lib\site-packages\dagster\_core\execution\plan\compute_generator.py", line 135, in _coerce_op_compute_fn_to_iterator
    result = invoke_compute_fn(
             ^^^^^^^^^^^^^^^^^^
  File "C:\Users\victo\Documents\GitHub\GlobalSupply\.venv\Lib\site-packages\dagster\_core\execution\plan\compute_generator.py", line 115, in invoke_compute_fn
    return fn(context, **args_to_pass) if context_arg_provided else fn(**args_to_pass)
           ^^^^^^^^^^^^^^^^^^^^^^^^^^^
  File "C:\Users\victo\Documents\GitHub\GlobalSupply\src\orquestacion_supplies\defs\assets\supplies.py", line 132, in add_GlobalSupply_history
    date_sim_today = simulation_map[date_today]
                     ~~~~~~~~~~~~~~^^^^^^^^^^^^
[0m
